Microchip MPLAB XC8 Compiler V2.46

Linker command line:

-W-3 \
  --edf=C:\Program Files\Microchip\xc8\v2.46\pic\dat\20240104201356_en.msgs \
  -cn \
  -h+dist/default/production\ASURT_Collesion_Avoidance_System.production.sym \
  --cmf=dist/default/production\ASURT_Collesion_Avoidance_System.production.cmf \
  -z -Q18F4620 \
  -oC:\Users\OMARFA~1\AppData\Local\Temp\xcAs13v8.\driver_tmp_3.o \
  --defsym=__MPLAB_BUILD=1 --fixupoverflow=error \
  -Mdist/default/production/ASURT_Collesion_Avoidance_System.production.map \
  --md=C:\Users\OMARFA~1\AppData\Local\Temp\xcAs13v8.\driver_tmp_0.dat -E1 \
  -ver=XC8 Compiler --acfsm=1493 -ACODE=00h-0FFFFh -ACONST=00h-0FFFFh \
  -ASMALLCONST=01000h-010FFhx240 -AMEDIUMCONST=01000h-0FFFFh \
  -ACOMRAM=01h-07Fh -AABS1=00h-0F7Fh -ABIGRAM=01h-0F7Fh \
  -ARAM=080h-0FFh,0100h-01FFhx14,0F00h-0F7Fh -ABANK0=080h-0FFh \
  -ABANK1=0100h-01FFh -ABANK2=0200h-02FFh -ABANK3=0300h-03FFh \
  -ABANK4=0400h-04FFh -ABANK5=0500h-05FFh -ABANK6=0600h-06FFh \
  -ABANK7=0700h-07FFh -ABANK8=0800h-08FFh -ABANK9=0900h-09FFh \
  -ABANK10=0A00h-0AFFh -ABANK11=0B00h-0BFFh -ABANK12=0C00h-0CFFh \
  -ABANK13=0D00h-0DFFh -ABANK14=0E00h-0EFFh -ABANK15=0F00h-0F7Fh \
  -ASFR=0F80h-0FFFh -ABIGSFR=0F80h-0FFFh -ACONFIG=0300000h-030000Dh \
  -AIDLOC=0200000h-0200007h -AEEDATA=0F00000h-0F003FFh -peeprom_data=EEDATA \
  -preset_vec=00h,intcode=8h,intcodelo,powerup,init -pramtop=01000h \
  -psmallconst=SMALLCONST -pmediumconst=MEDIUMCONST -pconst=CONST \
  -AFARRAM=00h-00h \
  -prdata=COMRAM,nvrram=COMRAM,nvbit=COMRAM,rbss=COMRAM,rbit=COMRAM \
  -pfarbss=FARRAM,fardata=FARRAM,nvFARRAM=FARRAM \
  -pintsave_regs=BIGRAM,bigbss=BIGRAM,bigdata=BIGRAM -pbss=RAM \
  -pidata=CODE,irdata=CODE,ibigdata=CODE,ifardata=CODE -prparam=COMRAM \
  C:\Users\OMARFA~1\AppData\Local\Temp\xcAs13v8.\driver_tmp_9.o \
  dist/default/production\ASURT_Collesion_Avoidance_System.production.o 

Object code version is 3.11

Machine type is 18F4620



                Name                               Link     Load   Length Selector   Space Scale
C:\Users\OMARFA~1\AppData\Local\Temp\xcAs13v8.\driver_tmp_9.o
                config                           300000   300000        E        0       4
                init                                  E        E        4        4       0
                reset_vec                             0        0        4        0       0
dist/default/production\ASURT_Collesion_Avoidance_System.production.o
                intcode                               8        8        6        4       0
                config                           300000   300000        E        0       4
                temp                                 6F       6F        1        1       1
                smallconst                         1000     1000        2      800       0
                text48                             393C     393C        4      801       0
                text47                             3938     3938        4      801       0
                text46                             3934     3934        4      801       0
                text45                             3940     3940        2      801       0
                text44                             3930     3930        4      801       0
                text43                             392C     392C        4      801       0
                text42                             3928     3928        4      801       0
                text41                             3924     3924        4      801       0
                text40                             38C8     38C8       1A      801       0
                text39                             38AE     38AE       1A      801       0
                text38                             3894     3894       1A      801       0
                text37                             387A     387A       1A      801       0
                text36                             32D6     32D6       82      801       0
                text35                             351A     351A       6A      801       0
                text34                             2D18     2D18      10A      801       0
                text33                             3442     3442       6E      801       0
                text32                             381E     381E       36      801       0
                text31                             37B0     37B0       38      801       0
                text30                             3916     3916        8      801       0
                intcode_body                       2192     2192      396      801       0
                text28                             36EC     36EC       48      801       0
                text27                             29E2     29E2      116      801       0
                text26                             2AF8     2AF8      114      801       0
                text25                             35EA     35EA       62      801       0
                text24                             33CE     33CE       74      801       0
                text23                             38FA     38FA       12      801       0
                text22                             34B0     34B0       6A      801       0
                text21                             2C0C     2C0C      10C      801       0
                text20                             28AE     28AE      134      801       0
                text19                             37E8     37E8       36      801       0
                text18                             150C     150C      4C2      801       0
                text17                             1DF8     1DF8      39A      801       0
                text16                             19CE     19CE      42A      801       0
                text15                             2E22     2E22      108      801       0
                text14                             26FA     26FA      1B4      801       0
                text13                             2528     2528      1D2      801       0
                text12                             3010     3010       E6      801       0
                text11                             2F2A     2F2A       E6      801       0
                text10                             30F6     30F6       C2      801       0
                text9                              1002     1002      50A      801       0
                text8                              369E     369E       4E      801       0
                text7                              31B8     31B8       90      801       0
                text6                              3358     3358       76      801       0
                text5                              364C     364C       52      801       0
                text4                              3776     3776       3A      801       0
                text3                              3248     3248       8E      801       0
                text2                              3854     3854       26      801       0
                text1                              390C     390C        A      801       0
                text0                              38E2     38E2       18      801       0
                cstackCOMRAM                          1        1       5E        1       1
                cstackBANK0                          EF       EF       11       80       1
                cstackBANK1                         100      100        9      100       1
                dataBANK0                            80       80       42       80       1
                bssBANK0                             C2       C2       2D       80       1
                dataCOMRAM                           69       69        6        1       1
                bssCOMRAM                            5F       5F        A        1       1
                cinit                              3584     3584       66      801       0
                idataBANK0                         3734     3734       42      801       0
                idataCOMRAM                        391E     391E        6      801       0

TOTAL           Name                               Link     Load   Length     Space
        CLASS   CODE           
                intcode                               8        8        6         0
                init                                  E        E        4         0
                reset_vec                             0        0        4         0
                text48                             393C     393C        4         0
                text47                             3938     3938        4         0
                text46                             3934     3934        4         0
                text45                             3940     3940        2         0
                text44                             3930     3930        4         0
                text43                             392C     392C        4         0
                text42                             3928     3928        4         0
                text41                             3924     3924        4         0
                text40                             38C8     38C8       1A         0
                text39                             38AE     38AE       1A         0
                text38                             3894     3894       1A         0
                text37                             387A     387A       1A         0
                text36                             32D6     32D6       82         0
                text35                             351A     351A       6A         0
                text34                             2D18     2D18      10A         0
                text33                             3442     3442       6E         0
                text32                             381E     381E       36         0
                text31                             37B0     37B0       38         0
                text30                             3916     3916        8         0
                intcode_body                       2192     2192      396         0
                text28                             36EC     36EC       48         0
                text27                             29E2     29E2      116         0
                text26                             2AF8     2AF8      114         0
                text25                             35EA     35EA       62         0
                text24                             33CE     33CE       74         0
                text23                             38FA     38FA       12         0
                text22                             34B0     34B0       6A         0
                text21                             2C0C     2C0C      10C         0
                text20                             28AE     28AE      134         0
                text19                             37E8     37E8       36         0
                text18                             150C     150C      4C2         0
                text17                             1DF8     1DF8      39A         0
                text16                             19CE     19CE      42A         0
                text15                             2E22     2E22      108         0
                text14                             26FA     26FA      1B4         0
                text13                             2528     2528      1D2         0
                text12                             3010     3010       E6         0
                text11                             2F2A     2F2A       E6         0
                text10                             30F6     30F6       C2         0
                text9                              1002     1002      50A         0
                text8                              369E     369E       4E         0
                text7                              31B8     31B8       90         0
                text6                              3358     3358       76         0
                text5                              364C     364C       52         0
                text4                              3776     3776       3A         0
                text3                              3248     3248       8E         0
                text2                              3854     3854       26         0
                text1                              390C     390C        A         0
                text0                              38E2     38E2       18         0
                cinit                              3584     3584       66         0
                idataBANK0                         3734     3734       42         0
                idataCOMRAM                        391E     391E        6         0

        CLASS   CONST          

        CLASS   SMALLCONST     
                smallconst                         1000     1000        2         0

        CLASS   MEDIUMCONST    

        CLASS   COMRAM         
                temp                                 6F       6F        1         1
                cstackCOMRAM                          1        1       5E         1
                dataCOMRAM                           69       69        6         1
                bssCOMRAM                            5F       5F        A         1

        CLASS   ABS1           

        CLASS   BIGRAM         

        CLASS   RAM            

        CLASS   BANK0          
                cstackBANK0                          EF       EF       11         1
                dataBANK0                            80       80       42         1
                bssBANK0                             C2       C2       2D         1

        CLASS   BANK1          
                cstackBANK1                         100      100        9         1

        CLASS   BANK2          

        CLASS   BANK3          

        CLASS   BANK4          

        CLASS   BANK5          

        CLASS   BANK6          

        CLASS   BANK7          

        CLASS   BANK8          

        CLASS   BANK9          

        CLASS   BANK10         

        CLASS   BANK11         

        CLASS   BANK12         

        CLASS   BANK13         

        CLASS   BANK14         

        CLASS   BANK15         

        CLASS   SFR            

        CLASS   BIGSFR         

        CLASS   CONFIG         
                config                           300000   300000        E         4

        CLASS   IDLOC          

        CLASS   EEDATA         

        CLASS   FARRAM         

        CLASS   HEAP           

        CLASS   STACK          



SEGMENTS        Name                           Load    Length   Top    Selector   Space  Class

                reset_vec                      000000  000004  000004         0       0  CODE    
                cstackCOMRAM                   000001  00006F  000070         1       1  COMRAM  
                intcode                        000008  00000A  000012         4       0  CODE    
                dataBANK0                      000080  000080  000100        80       1  BANK0   
                cstackBANK1                    000100  000009  000109       100       1  BANK1   
                smallconst                     001000  000002  001002       800       0  SMALLCON
                text9                          001002  002940  003942       801       0  CODE    


UNUSED ADDRESS RANGES

        Name                Unused          Largest block    Delta
        BANK1            000109-0001FF               F7
        BANK10           000A00-000AFF              100
        BANK11           000B00-000BFF              100
        BANK12           000C00-000CFF              100
        BANK13           000D00-000DFF              100
        BANK14           000E00-000EFF              100
        BANK15           000F00-000F7F               80
        BANK2            000200-0002FF              100
        BANK3            000300-0003FF              100
        BANK4            000400-0004FF              100
        BANK5            000500-0005FF              100
        BANK6            000600-0006FF              100
        BANK7            000700-0007FF              100
        BANK8            000800-0008FF              100
        BANK9            000900-0009FF              100
        BIGRAM           000070-00007F               10
                         000109-000F7F              E77
        BIGSFR           000F80-000FFF               80
        CODE             000004-000007                4
                         000012-000FFF              FEE
                         003942-00FFFF             C6BE
        COMRAM           000070-00007F               10
        CONST            000004-000007                4
                         000012-000FFF              FEE
                         003942-00FFFF             C6BE
        EEDATA           F00000-F003FF              400
        IDLOC            200000-200007                8
        MEDIUMCONST      003942-00FFFF             C6BE
        RAM              000109-000F7F              100
        SFR              000F80-000FFF               80
        SMALLCONST       003942-00FFFF              100

                                  Symbol Table

?___fladd                                   cstackCOMRAM 000051
?___fldiv                                   cstackCOMRAM 000038
?___flmul                                   cstackCOMRAM 00001F
?___fltol                                   cstackBANK0  0000F3
?___xxtofl                                  cstackCOMRAM 000011
CCP_Capture_Mode_Config@_ccp_obj            cstackCOMRAM 000013
CCP_Capture_Mode_Config@ret                 cstackCOMRAM 000015
CCP_Compare_Mode_Config@_ccp_obj            cstackCOMRAM 000013
CCP_Compare_Mode_Config@ret                 cstackCOMRAM 000015
CCP_Compare_Mode_Set_Value@F3136            bssBANK0     0000E2
CCP_Init@_ccp_obj                           cstackBANK0  0000FE
CCP_Init@retVal                             cstackBANK1  000108
CCP_Interrupt_Config@_ccp_obj               cstackCOMRAM 000011
CCP_Mode_Timer_Select@_ccp_obj              cstackCOMRAM 000011
CCP_PWM_Mode_Config@_ccp_obj                cstackBANK0  0000FB
EUSART_ASYNC_Init@_eusart_obj               cstackBANK0  0000FE
EUSART_ASYNC_Init@retVal                    cstackBANK0  0000FF
EUSART_ASYNC_RX_Init@_eusart_obj            cstackCOMRAM 000011
EUSART_ASYNC_RX_Init@retVal                 cstackCOMRAM 000012
EUSART_ASYNC_Read_Byte_Blocking@_data       cstackCOMRAM 000012
EUSART_ASYNC_Read_Byte_Blocking@_eusart_obj cstackCOMRAM 000011
EUSART_ASYNC_Read_Byte_Blocking@retVal      cstackCOMRAM 000013
EUSART_ASYNC_TX_Init@_eusart_obj            cstackCOMRAM 000011
EUSART_ASYNC_TX_Init@retVal                 cstackCOMRAM 000012
EUSART_Baud_Rate_Calculation@_eusart_obj    cstackBANK0  0000FB
EUSART_Baud_Rate_Calculation@baud_rate_temp cstackBANK1  000101
EUSART_Baud_Rate_Calculation@retVal         cstackBANK1  000100
RB4_ISR@RB4_Source                          cstackCOMRAM 000001
RB5_ISR@RB5_Source                          cstackCOMRAM 000001
RB6_ISR@RB6_Source                          cstackCOMRAM 000001
RB7_ISR@RB7_Source                          cstackCOMRAM 000001
Timer2_Init@retVal                          cstackCOMRAM 000013
Timer2_Init@timer2                          cstackCOMRAM 000011
_ADCON0bits                                 (abs)        000FC2
_ADCON1bits                                 (abs)        000FC1
_ADCON2bits                                 (abs)        000FC0
_ADC_ISR                                    text48       00393C
_ADC_InterruptHandler                       bssBANK0     0000E8
_ADRESH                                     (abs)        000FC4
_ADRESL                                     (abs)        000FC3
_BAUDCONbits                                (abs)        000FB8
_CCP1CONbits                                (abs)        000FBD
_CCP1_ISR                                   text47       003938
_CCP1_InterruptHandler                      bssBANK0     0000E6
_CCP2CONbits                                (abs)        000FBA
_CCP2_ISR                                   text46       003934
_CCP2_InterruptHandler                      bssBANK0     0000E4
_CCPR1H                                     (abs)        000FBF
_CCPR1L                                     (abs)        000FBE
_CCPR2H                                     (abs)        000FBC
_CCPR2L                                     (abs)        000FBB
_CCP_Capture_Mode_Config                    text21       002C0C
_CCP_Compare_Mode_Config                    text20       0028AE
_CCP_Init                                   text12       003010
_CCP_Interrupt_Config                       text19       0037E8
_CCP_Mode_Timer_Select                      text22       0034B0
_CCP_PWM_Mode_Config                        text13       002528
_CCP_PWM_Mode_Config$3767                   cstackBANK1  000100
_CCP_PWM_Mode_Config$3768                   cstackBANK1  000104
_EUSART_ASYNC_Init                          text8        00369E
_EUSART_ASYNC_RX_Init                       text11       002F2A
_EUSART_ASYNC_Read_Byte_Blocking            text28       0036EC
_EUSART_ASYNC_TX_Init                       text10       0030F6
_EUSART_Baud_Rate_Calculation               text9        001002
_EUSART_Baud_Rate_Calculation$3755          cstackBANK1  000105
_EUSART_FramingErrorHandler                 bssBANK0     0000DC
_EUSART_OverrunErrorHandler                 bssBANK0     0000DA
_EUSART_RxInterruptHandler                  bssBANK0     0000DE
_EUSART_Rx_ISR                              text45       003940
_EUSART_TxInterruptHandler                  bssBANK0     0000E0
_EUSART_Tx_ISR                              text44       003930
_INT0_ISR                                   text43       00392C
_INT0_InterruptHandler                      bssBANK0     0000D8
_INT1_ISR                                   text42       003928
_INT1_InterruptHandler                      bssBANK0     0000D6
_INT2_ISR                                   text41       003924
_INT2_InterruptHandler                      bssBANK0     0000D4
_INTCON2bits                                (abs)        000FF1
_INTCON3bits                                (abs)        000FF0
_INTCONbits                                 (abs)        000FF2
_InterruptManagerHigh                       intcode      000008
_LATA                                       (abs)        000F89
_LATB                                       (abs)        000F8A
_LATC                                       (abs)        000F8B
_LATD                                       (abs)        000F8C
_LATE                                       (abs)        000F8D
_PIE1bits                                   (abs)        000F9D
_PIE2bits                                   (abs)        000FA0
_PIR1bits                                   (abs)        000F9E
_PIR2bits                                   (abs)        000FA1
_PORTA                                      (abs)        000F80
_PORTB                                      (abs)        000F81
_PORTBbits                                  (abs)        000F81
_PORTC                                      (abs)        000F82
_PORTD                                      (abs)        000F83
_PORTE                                      (abs)        000F84
_PR2                                        (abs)        000FCB
_RB4_ISR                                    text40       0038C8
_RB4_InterruptHandler_HIGH                  bssBANK0     0000D2
_RB4_InterruptHandler_LOW                   bssBANK0     0000D0
_RB4_flag                                   dataCOMRAM   00006C
_RB5_ISR                                    text39       0038AE
_RB5_InterruptHandler_HIGH                  bssBANK0     0000CE
_RB5_InterruptHandler_LOW                   bssBANK0     0000CC
_RB5_flag                                   dataCOMRAM   00006B
_RB6_ISR                                    text38       003894
_RB6_InterruptHandler_HIGH                  bssBANK0     0000CA
_RB6_InterruptHandler_LOW                   bssBANK0     0000C8
_RB6_flag                                   dataCOMRAM   00006A
_RB7_ISR                                    text37       00387A
_RB7_InterruptHandler_HIGH                  bssBANK0     0000C6
_RB7_InterruptHandler_LOW                   bssBANK0     0000C4
_RB7_flag                                   dataCOMRAM   000069
_RCREG                                      (abs)        000FAE
_RCSTAbits                                  (abs)        000FAB
_SPBRG                                      (abs)        000FAF
_SPBRGH                                     (abs)        000FB0
_T0CONbits                                  (abs)        000FD5
_T2CONbits                                  (abs)        000FCA
_T3CONbits                                  (abs)        000FB1
_TMR0H                                      (abs)        000FD7
_TMR0L                                      (abs)        000FD6
_TMR0_ISR                                   text31       0037B0
_TMR0_InterruptHandler                      bssCOMRAM    000061
_TMR2                                       (abs)        000FCC
_TMR2_ISR                                   text30       003916
_TMR2_InterruptHandler                      bssBANK0     0000C2
_TRISA                                      (abs)        000F92
_TRISB                                      (abs)        000F93
_TRISC                                      (abs)        000F94
_TRISCbits                                  (abs)        000F94
_TRISD                                      (abs)        000F95
_TRISE                                      (abs)        000F96
_TXREG                                      (abs)        000FAD
_TXSTAbits                                  (abs)        000FAC
_Timer0_DefaultInterruptHandler             text32       00381E
_Timer0_preload                             bssCOMRAM    00005F
_Timer2_Init                                text7        0031B8
__HRAM                                      (abs)        000000
__H__absolute__                             __absolute__ 000000
__Habs1                                     abs1         000000
__Hbank0                                    bank0        000000
__Hbank1                                    bank1        000000
__Hbank10                                   bank10       000000
__Hbank11                                   bank11       000000
__Hbank12                                   bank12       000000
__Hbank13                                   bank13       000000
__Hbank14                                   bank14       000000
__Hbank15                                   bank15       000000
__Hbank2                                    bank2        000000
__Hbank3                                    bank3        000000
__Hbank4                                    bank4        000000
__Hbank5                                    bank5        000000
__Hbank6                                    bank6        000000
__Hbank7                                    bank7        000000
__Hbank8                                    bank8        000000
__Hbank9                                    bank9        000000
__Hbigbss                                   bigbss       000000
__Hbigdata                                  bigdata      000000
__Hbigram                                   bigram       000000
__Hbigsfr                                   bigsfr       000000
__Hbss                                      bss          000000
__HbssBANK0                                 bssBANK0     000000
__HbssCOMRAM                                bssCOMRAM    000000
__Hcinit                                    cinit        000000
__Hclrtext                                  clrtext      000000
__Hcomram                                   comram       000000
__Hconfig                                   config       30000E
__Hconst                                    const        000000
__HcstackBANK0                              cstackBANK0  000000
__HcstackBANK1                              cstackBANK1  000000
__HcstackCOMRAM                             cstackCOMRAM 000000
__Hdata                                     data         000000
__HdataBANK0                                dataBANK0    000000
__HdataCOMRAM                               dataCOMRAM   000000
__Heeprom_data                              eeprom_data  000000
__Hfarbss                                   farbss       000000
__Hfardata                                  fardata      000000
__Hheap                                     heap         000000
__Hibigdata                                 ibigdata     000000
__Hidata                                    idata        000000
__HidataBANK0                               idataBANK0   000000
__HidataCOMRAM                              idataCOMRAM  000000
__Hidloc                                    idloc        000000
__Hifardata                                 ifardata     000000
__Hinit                                     init         000012
__Hintcode                                  intcode      00000E
__Hintcode_body                             intcode_body 000000
__Hintcodelo                                intcodelo    00000E
__Hintentry                                 intentry     000000
__Hintret                                   intret       000000
__Hintsave_regs                             intsave_regs 000000
__Hirdata                                   irdata       000000
__Hmediumconst                              mediumconst  000000
__HnvFARRAM                                 nvFARRAM     000000
__Hnvbit                                    nvbit        000000
__Hnvrram                                   nvrram       000000
__Hparam                                    rparam       000000
__Hpowerup                                  powerup      00000E
__Hram                                      ram          000000
__Hramtop                                   ramtop       001000
__Hrbit                                     rbit         000000
__Hrbss                                     rbss         000000
__Hrdata                                    rdata        000000
__Hreset_vec                                reset_vec    000004
__Hrparam                                   rparam       000000
__Hsfr                                      sfr          000000
__Hsivt_hi                                  sivt_hi      000000
__Hsivt_lo                                  sivt_lo      000000
__Hsmallconst                               smallconst   001002
__Hspace_0                                  (abs)        003942
__Hspace_1                                  (abs)        000109
__Hspace_2                                  (abs)        000000
__Hspace_4                                  (abs)        60000E
__Hstack                                    stack        000000
__Hstruct                                   struct       000000
__Htemp                                     temp         000070
__Htext                                     text         000000
__Htext0                                    text0        000000
__Htext1                                    text1        000000
__Htext10                                   text10       000000
__Htext11                                   text11       000000
__Htext12                                   text12       000000
__Htext13                                   text13       000000
__Htext14                                   text14       000000
__Htext15                                   text15       000000
__Htext16                                   text16       000000
__Htext17                                   text17       000000
__Htext18                                   text18       000000
__Htext19                                   text19       000000
__Htext2                                    text2        000000
__Htext20                                   text20       000000
__Htext21                                   text21       000000
__Htext22                                   text22       000000
__Htext23                                   text23       000000
__Htext24                                   text24       000000
__Htext25                                   text25       000000
__Htext26                                   text26       000000
__Htext27                                   text27       000000
__Htext28                                   text28       000000
__Htext3                                    text3        000000
__Htext30                                   text30       000000
__Htext31                                   text31       000000
__Htext32                                   text32       000000
__Htext33                                   text33       000000
__Htext34                                   text34       000000
__Htext35                                   text35       000000
__Htext36                                   text36       000000
__Htext37                                   text37       000000
__Htext38                                   text38       000000
__Htext39                                   text39       000000
__Htext4                                    text4        000000
__Htext40                                   text40       000000
__Htext41                                   text41       000000
__Htext42                                   text42       000000
__Htext43                                   text43       000000
__Htext44                                   text44       000000
__Htext45                                   text45       000000
__Htext46                                   text46       000000
__Htext47                                   text47       000000
__Htext48                                   text48       000000
__Htext5                                    text5        000000
__Htext6                                    text6        000000
__Htext7                                    text7        000000
__Htext8                                    text8        000000
__Htext9                                    text9        000000
__LRAM                                      (abs)        000001
__L__absolute__                             __absolute__ 000000
__Labs1                                     abs1         000000
__Lbank0                                    bank0        000000
__Lbank1                                    bank1        000000
__Lbank10                                   bank10       000000
__Lbank11                                   bank11       000000
__Lbank12                                   bank12       000000
__Lbank13                                   bank13       000000
__Lbank14                                   bank14       000000
__Lbank15                                   bank15       000000
__Lbank2                                    bank2        000000
__Lbank3                                    bank3        000000
__Lbank4                                    bank4        000000
__Lbank5                                    bank5        000000
__Lbank6                                    bank6        000000
__Lbank7                                    bank7        000000
__Lbank8                                    bank8        000000
__Lbank9                                    bank9        000000
__Lbigbss                                   bigbss       000000
__Lbigdata                                  bigdata      000000
__Lbigram                                   bigram       000000
__Lbigsfr                                   bigsfr       000000
__Lbss                                      bss          000000
__LbssBANK0                                 bssBANK0     000000
__LbssCOMRAM                                bssCOMRAM    000000
__Lcinit                                    cinit        000000
__Lclrtext                                  clrtext      000000
__Lcomram                                   comram       000000
__Lconfig                                   config       000000
__Lconst                                    const        000000
__LcstackBANK0                              cstackBANK0  000000
__LcstackBANK1                              cstackBANK1  000000
__LcstackCOMRAM                             cstackCOMRAM 000000
__Ldata                                     data         000000
__LdataBANK0                                dataBANK0    000000
__LdataCOMRAM                               dataCOMRAM   000000
__Leeprom_data                              eeprom_data  000000
__Lfarbss                                   farbss       000000
__Lfardata                                  fardata      000000
__Lheap                                     heap         000000
__Libigdata                                 ibigdata     000000
__Lidata                                    idata        000000
__LidataBANK0                               idataBANK0   000000
__LidataCOMRAM                              idataCOMRAM  000000
__Lidloc                                    idloc        000000
__Lifardata                                 ifardata     000000
__Linit                                     init         00000E
__Lintcode                                  intcode      000008
__Lintcode_body                             intcode_body 000000
__Lintcodelo                                intcodelo    00000E
__Lintentry                                 intentry     000000
__Lintret                                   intret       000000
__Lintsave_regs                             intsave_regs 000000
__Lirdata                                   irdata       000000
__Lmediumconst                              mediumconst  000000
__LnvFARRAM                                 nvFARRAM     000000
__Lnvbit                                    nvbit        000000
__Lnvrram                                   nvrram       000000
__Lparam                                    rparam       000000
__Lpowerup                                  powerup      00000E
__Lram                                      ram          000000
__Lramtop                                   ramtop       001000
__Lrbit                                     rbit         000000
__Lrbss                                     rbss         000000
__Lrdata                                    rdata        000000
__Lreset_vec                                reset_vec    000000
__Lrparam                                   rparam       000000
__Lsfr                                      sfr          000000
__Lsivt_hi                                  sivt_hi      000000
__Lsivt_lo                                  sivt_lo      000000
__Lsmallconst                               smallconst   001000
__Lspace_0                                  (abs)        000000
__Lspace_1                                  (abs)        000000
__Lspace_2                                  (abs)        000000
__Lspace_4                                  (abs)        000000
__Lstack                                    stack        000000
__Lstruct                                   struct       000000
__Ltemp                                     temp         00006F
__Ltext                                     text         000000
__Ltext0                                    text0        000000
__Ltext1                                    text1        000000
__Ltext10                                   text10       000000
__Ltext11                                   text11       000000
__Ltext12                                   text12       000000
__Ltext13                                   text13       000000
__Ltext14                                   text14       000000
__Ltext15                                   text15       000000
__Ltext16                                   text16       000000
__Ltext17                                   text17       000000
__Ltext18                                   text18       000000
__Ltext19                                   text19       000000
__Ltext2                                    text2        000000
__Ltext20                                   text20       000000
__Ltext21                                   text21       000000
__Ltext22                                   text22       000000
__Ltext23                                   text23       000000
__Ltext24                                   text24       000000
__Ltext25                                   text25       000000
__Ltext26                                   text26       000000
__Ltext27                                   text27       000000
__Ltext28                                   text28       000000
__Ltext3                                    text3        000000
__Ltext30                                   text30       000000
__Ltext31                                   text31       000000
__Ltext32                                   text32       000000
__Ltext33                                   text33       000000
__Ltext34                                   text34       000000
__Ltext35                                   text35       000000
__Ltext36                                   text36       000000
__Ltext37                                   text37       000000
__Ltext38                                   text38       000000
__Ltext39                                   text39       000000
__Ltext4                                    text4        000000
__Ltext40                                   text40       000000
__Ltext41                                   text41       000000
__Ltext42                                   text42       000000
__Ltext43                                   text43       000000
__Ltext44                                   text44       000000
__Ltext45                                   text45       000000
__Ltext46                                   text46       000000
__Ltext47                                   text47       000000
__Ltext48                                   text48       000000
__Ltext5                                    text5        000000
__Ltext6                                    text6        000000
__Ltext7                                    text7        000000
__Ltext8                                    text8        000000
__Ltext9                                    text9        000000
__S0                                        (abs)        003942
__S1                                        (abs)        000109
__S4                                        (abs)        000000
__S5                                        (abs)        000000
___fladd                                    text18       00150C
___fladd@a                                  cstackCOMRAM 000055
___fladd@aexp                               cstackBANK0  0000F0
___fladd@b                                  cstackCOMRAM 000051
___fladd@bexp                               cstackBANK0  0000F1
___fladd@grs                                cstackBANK0  0000F2
___fladd@signs                              cstackBANK0  0000EF
___fldiv                                    text17       001DF8
___fldiv@a                                  cstackCOMRAM 00003C
___fldiv@aexp                               cstackCOMRAM 000050
___fldiv@b                                  cstackCOMRAM 000038
___fldiv@bexp                               cstackCOMRAM 00004F
___fldiv@grs                                cstackCOMRAM 00004B
___fldiv@new_exp                            cstackCOMRAM 000049
___fldiv@rem                                cstackCOMRAM 000044
___fldiv@sign                               cstackCOMRAM 000048
___flmul                                    text16       0019CE
___flmul@a                                  cstackCOMRAM 000023
___flmul@aexp                               cstackCOMRAM 00002C
___flmul@b                                  cstackCOMRAM 00001F
___flmul@bexp                               cstackCOMRAM 000031
___flmul@grs                                cstackCOMRAM 00002D
___flmul@prod                               cstackCOMRAM 000032
___flmul@sign                               cstackCOMRAM 00002B
___flmul@temp                               cstackCOMRAM 000036
___fltol                                    text15       002E22
___fltol@exp1                               cstackCOMRAM 00005E
___fltol@f1                                 cstackBANK0  0000F3
___fltol@sign1                              cstackCOMRAM 00005D
___heap_hi                                  (abs)        000000
___heap_lo                                  (abs)        000000
___inthi_sp                                 stack        000000
___inthi_stack_hi                           stack        000000
___inthi_stack_lo                           stack        000000
___intlo_sp                                 stack        000000
___intlo_stack_hi                           stack        000000
___intlo_stack_lo                           stack        000000
___param_bank                               (abs)        000000
___rparam_used                              (abs)        000001
___sp                                       stack        000000
___stack_hi                                 stack        000000
___stack_lo                                 stack        000000
___xxtofl                                   text14       0026FA
___xxtofl@arg                               cstackCOMRAM 00001B
___xxtofl@exp                               cstackCOMRAM 00001A
___xxtofl@sign                              cstackCOMRAM 000019
___xxtofl@val                               cstackCOMRAM 000011
__accesstop                                 (abs)        000080
__activetblptr                              (abs)        000002
__end_of_ADC_ISR                            text48       003940
__end_of_CCP1_ISR                           text47       00393C
__end_of_CCP2_ISR                           text46       003938
__end_of_CCP_Capture_Mode_Config            text21       002D18
__end_of_CCP_Compare_Mode_Config            text20       0029E2
__end_of_CCP_Init                           text12       0030F6
__end_of_CCP_Interrupt_Config               text19       00381E
__end_of_CCP_Mode_Timer_Select              text22       00351A
__end_of_CCP_PWM_Mode_Config                text13       0026FA
__end_of_EUSART_ASYNC_Init                  text8        0036EC
__end_of_EUSART_ASYNC_RX_Init               text11       003010
__end_of_EUSART_ASYNC_Read_Byte_Blocking    text28       003734
__end_of_EUSART_ASYNC_TX_Init               text10       0031B8
__end_of_EUSART_Baud_Rate_Calculation       text9        00150C
__end_of_EUSART_Rx_ISR                      text45       003942
__end_of_EUSART_Tx_ISR                      text44       003934
__end_of_INT0_ISR                           text43       003930
__end_of_INT1_ISR                           text42       00392C
__end_of_INT2_ISR                           text41       003928
__end_of_InterruptManagerHigh               intcode_body 002528
__end_of_RB4_ISR                            text40       0038E2
__end_of_RB5_ISR                            text39       0038C8
__end_of_RB6_ISR                            text38       0038AE
__end_of_RB7_ISR                            text37       003894
__end_of_TMR0_ISR                           text31       0037E8
__end_of_TMR2_ISR                           text30       00391E
__end_of_Timer0_DefaultInterruptHandler     text32       003854
__end_of_Timer2_Init                        text7        003248
__end_of___fladd                            text18       0019CE
__end_of___fldiv                            text17       002192
__end_of___flmul                            text16       001DF8
__end_of___fltol                            text15       002F2A
__end_of___xxtofl                           text14       0028AE
__end_of__initialization                    cinit        0035DC
__end_of_application_initialize             text1        003916
__end_of_ecu_layer_initialize               text23       00390C
__end_of_gpio_pin_direction_initialize      text27       002AF8
__end_of_gpio_pin_initialize                text25       00364C
__end_of_gpio_pin_toggle_logic              text36       003358
__end_of_gpio_pin_write_logic               text26       002C0C
__end_of_led_initialize                     text24       003442
__end_of_led_toggle                         text35       003584
__end_of_led_turn_off                       text33       0034B0
__end_of_main                               text0        0038FA
__end_of_mcal_layer_initialize              text2        00387A
__end_of_timer0_initialize                  text3        0032D6
__end_of_timer0_mode_select                 text6        0033CE
__end_of_timer0_prescaler_cfg               text5        00369E
__end_of_timer0_register_size_cfg           text4        0037B0
__end_ofi2_gpio_pin_write_logic             text34       002E22
__initialization                            cinit        003584
__mediumconst                               mediumconst  000000
__pbssBANK0                                 bssBANK0     0000C2
__pbssCOMRAM                                bssCOMRAM    00005F
__pcinit                                    cinit        003584
__pcstackBANK0                              cstackBANK0  0000EF
__pcstackBANK1                              cstackBANK1  000100
__pcstackCOMRAM                             cstackCOMRAM 000001
__pdataBANK0                                dataBANK0    000080
__pdataCOMRAM                               dataCOMRAM   000069
__pidataBANK0                               idataBANK0   003734
__pidataCOMRAM                              idataCOMRAM  00391E
__pintcode                                  intcode      000008
__pintcode_body                             intcode_body 002192
__psmallconst                               smallconst   001000
__ptext0                                    text0        0038E2
__ptext1                                    text1        00390C
__ptext10                                   text10       0030F6
__ptext11                                   text11       002F2A
__ptext12                                   text12       003010
__ptext13                                   text13       002528
__ptext14                                   text14       0026FA
__ptext15                                   text15       002E22
__ptext16                                   text16       0019CE
__ptext17                                   text17       001DF8
__ptext18                                   text18       00150C
__ptext19                                   text19       0037E8
__ptext2                                    text2        003854
__ptext20                                   text20       0028AE
__ptext21                                   text21       002C0C
__ptext22                                   text22       0034B0
__ptext23                                   text23       0038FA
__ptext24                                   text24       0033CE
__ptext25                                   text25       0035EA
__ptext26                                   text26       002AF8
__ptext27                                   text27       0029E2
__ptext28                                   text28       0036EC
__ptext3                                    text3        003248
__ptext30                                   text30       003916
__ptext31                                   text31       0037B0
__ptext32                                   text32       00381E
__ptext33                                   text33       003442
__ptext34                                   text34       002D18
__ptext35                                   text35       00351A
__ptext36                                   text36       0032D6
__ptext37                                   text37       00387A
__ptext38                                   text38       003894
__ptext39                                   text39       0038AE
__ptext4                                    text4        003776
__ptext40                                   text40       0038C8
__ptext41                                   text41       003924
__ptext42                                   text42       003928
__ptext43                                   text43       00392C
__ptext44                                   text44       003930
__ptext45                                   text45       003940
__ptext46                                   text46       003934
__ptext47                                   text47       003938
__ptext48                                   text48       00393C
__ptext5                                    text5        00364C
__ptext6                                    text6        003358
__ptext7                                    text7        0031B8
__ptext8                                    text8        00369E
__ptext9                                    text9        001002
__ramtop                                    ramtop       001000
__smallconst                                smallconst   001000
_application_initialize                     text1        00390C
_buzzer                                     dataCOMRAM   00006D
_ccp1_pwm                                   dataBANK0    0000AE
_ecu_layer_initialize                       text23       0038FA
_eusart_1                                   dataBANK0    00009E
_gpio_pin_direction_initialize              text27       0029E2
_gpio_pin_initialize                        text25       0035EA
_gpio_pin_toggle_logic                      text36       0032D6
_gpio_pin_write_logic                       text26       002AF8
_lat_registers                              dataBANK0    00008A
_led_1                                      dataCOMRAM   00006E
_led_initialize                             text24       0033CE
_led_toggle                                 text35       00351A
_led_turn_off                               text33       003442
_main                                       text0        0038E2
_mcal_layer_initialize                      text2        003854
_port_registers                             dataBANK0    000080
_timer                                      bssBANK0     0000EA
_timer0_initialize                          text3        003248
_timer0_mode_select                         text6        003358
_timer0_obj                                 dataBANK0    0000BC
_timer0_prescaler_cfg                       text5        00364C
_timer0_register_size_cfg                   text4        003776
_timer2_preload                             bssCOMRAM    000063
_tris_registers                             dataBANK0    000094
_uart_received_data                         bssCOMRAM    000068
btemp                                       temp         00006F
end_of_initialization                       cinit        0035DC
gpio_pin_direction_initialize@config        cstackCOMRAM 000011
gpio_pin_direction_initialize@retVal        cstackCOMRAM 000017
gpio_pin_initialize@config                  cstackCOMRAM 000019
gpio_pin_initialize@retVal                  cstackCOMRAM 00001B
gpio_pin_toggle_logic@config                cstackCOMRAM 000001
gpio_pin_write_logic@config                 cstackCOMRAM 000011
gpio_pin_write_logic@logic_status           cstackCOMRAM 000012
gpio_pin_write_logic@retVal                 cstackCOMRAM 000018
i2_gpio_pin_write_logic                     text34       002D18
i2gpio_pin_write_logic@config               cstackCOMRAM 000001
i2gpio_pin_write_logic@logic_status         cstackCOMRAM 000002
int$flags                                   temp         00006F
int_func                                    intcode_body 002192
intlevel0                                   text         000000
intlevel1                                   text         000000
intlevel2                                   text         000000
intlevel3                                   text         000000
isa$std                                     (abs)        000001
isa$xinst                                   (abs)        000000
led_initialize@F3067                        bssCOMRAM    000067
led_initialize@led                          cstackCOMRAM 00001C
led_initialize@pin_obj                      cstackCOMRAM 00001F
led_initialize@retVal                       cstackCOMRAM 00001E
led_toggle@F3082                            bssCOMRAM    000064
led_toggle@led                              cstackCOMRAM 000006
led_toggle@pin_obj                          cstackCOMRAM 000008
led_turn_off@F3077                          bssCOMRAM    000065
led_turn_off@led                            cstackCOMRAM 000008
led_turn_off@pin_obj                        cstackCOMRAM 00000A
led_turn_on@F3072                           bssCOMRAM    000066
stackhi                                     (abs)        000000
stacklo                                     (abs)        000000
start                                       init         00000E
start_initialization                        cinit        003584
timer0_initialize@ret                       cstackCOMRAM 000016
timer0_initialize@timer                     cstackCOMRAM 000013
timer0_mode_select@timer                    cstackCOMRAM 000011
timer0_prescaler_cfg@timer                  cstackCOMRAM 000011
timer0_register_size_cfg@timer              cstackCOMRAM 000011
ttemp5                                      temp         000070
ttemp6                                      temp         000073
ttemp7                                      temp         000077
wtemp8                                      temp         000070


MODULE INFORMATION

Module		Function		Class		Link	Load	Size
C:\Program Files\Microchip\xc8\v2.46\pic\sources\c99\common\fltol.c
		___fltol       		CODE           	2E22	0000	264

C:\Program Files\Microchip\xc8\v2.46\pic\sources\c99\common\fltol.c estimated size: 264

C:\Program Files\Microchip\xc8\v2.46\pic\sources\c99\common\xxtofl.c
		___xxtofl      		CODE           	26FA	0000	436

C:\Program Files\Microchip\xc8\v2.46\pic\sources\c99\common\xxtofl.c estimated size: 436

MCAL_Layer/EUSART/hal_eusart.c
		_EUSART_ASYNC_Read_Byte_Blocking		CODE           	36EC	0000	72
		_EUSART_Rx_ISR 		CODE           	3940	0000	2
		_EUSART_Tx_ISR 		CODE           	3930	0000	4
		_EUSART_ASYNC_Init		CODE           	369E	0000	78
		_EUSART_ASYNC_RX_Init		CODE           	2F2A	0000	230
		_EUSART_ASYNC_TX_Init		CODE           	30F6	0000	194
		_EUSART_Baud_Rate_Calculation		CODE           	1002	0000	1290

MCAL_Layer/EUSART/hal_eusart.c estimated size: 1870

C:\Program Files\Microchip\xc8\v2.46\pic\sources\c99\common\sprcmul.c
		___flmul       		CODE           	19CE	0000	1066

C:\Program Files\Microchip\xc8\v2.46\pic\sources\c99\common\sprcmul.c estimated size: 1066

C:\Program Files\Microchip\xc8\v2.46\pic\sources\c99\common\sprcdiv.c
		___fldiv       		CODE           	1DF8	0000	922

C:\Program Files\Microchip\xc8\v2.46\pic\sources\c99\common\sprcdiv.c estimated size: 922

shared
		__initialization		CODE           	3584	0000	88
		i2_gpio_pin_write_logic		CODE           	2D18	0000	266

shared estimated size: 354

MCAL_Layer/Interrupt/mcal_external_interrupt.c
		_RB4_ISR       		CODE           	38C8	0000	26
		_RB5_ISR       		CODE           	38AE	0000	26
		_RB6_ISR       		CODE           	3894	0000	26
		_RB7_ISR       		CODE           	387A	0000	26
		_INT0_ISR      		CODE           	392C	0000	4
		_INT1_ISR      		CODE           	3928	0000	4
		_INT2_ISR      		CODE           	3924	0000	4

MCAL_Layer/Interrupt/mcal_external_interrupt.c estimated size: 116

MCAL_Layer/ADC/hal_adc.c
		_ADC_ISR       		CODE           	393C	0000	4

MCAL_Layer/ADC/hal_adc.c estimated size: 4

MCAL_Layer/mcal_layer_initialize.c
		_mcal_layer_initialize		CODE           	3854	0000	38

MCAL_Layer/mcal_layer_initialize.c estimated size: 38

MCAL_Layer/Interrupt/mcal_interrupt_manager.c
		_InterruptManagerHigh		CODE           	0008	0000	924

MCAL_Layer/Interrupt/mcal_interrupt_manager.c estimated size: 924

MCAL_Layer/GPIO/hal_gpio.c
		_gpio_pin_write_logic		CODE           	2AF8	0000	276
		_gpio_pin_direction_initialize		CODE           	29E2	0000	278
		_gpio_pin_toggle_logic		CODE           	32D6	0000	130
		_gpio_pin_initialize		CODE           	35EA	0000	98

MCAL_Layer/GPIO/hal_gpio.c estimated size: 782

ECU_Layer/LED/ecu_led.c
		_led_initialize		CODE           	33CE	0000	116
		_led_turn_off  		CODE           	3442	0000	110
		_led_toggle    		CODE           	351A	0000	106

ECU_Layer/LED/ecu_led.c estimated size: 332

C:\Program Files\Microchip\xc8\v2.46\pic\sources\c99\common\sprcadd.c
		___fladd       		CODE           	150C	0000	1218

C:\Program Files\Microchip\xc8\v2.46\pic\sources\c99\common\sprcadd.c estimated size: 1218

ECU_Layer/ecu_layer_initialize.c
		_ecu_layer_initialize		CODE           	38FA	0000	18

ECU_Layer/ecu_layer_initialize.c estimated size: 18

application.c
		_Timer0_DefaultInterruptHandler		CODE           	381E	0000	54
		_application_initialize		CODE           	390C	0000	10
		_main          		CODE           	38E2	0000	24

application.c estimated size: 88

MCAL_Layer/Timer2/hal_timer2.c
		_TMR2_ISR      		CODE           	3916	0000	8
		_Timer2_Init   		CODE           	31B8	0000	144

MCAL_Layer/Timer2/hal_timer2.c estimated size: 152

MCAL_Layer/Timer0/hal_timer0.c
		_timer0_mode_select		CODE           	3358	0000	118
		_timer0_register_size_cfg		CODE           	3776	0000	58
		_timer0_initialize		CODE           	3248	0000	142
		_TMR0_ISR      		CODE           	37B0	0000	56
		_timer0_prescaler_cfg		CODE           	364C	0000	82

MCAL_Layer/Timer0/hal_timer0.c estimated size: 456

MCAL_Layer/CCP/hal_ccp.c
		_CCP_Capture_Mode_Config		CODE           	2C0C	0000	268
		_CCP_Mode_Timer_Select		CODE           	34B0	0000	106
		_CCP_PWM_Mode_Config		CODE           	2528	0000	466
		_CCP1_ISR      		CODE           	3938	0000	4
		_CCP_Init      		CODE           	3010	0000	230
		_CCP2_ISR      		CODE           	3934	0000	4
		_CCP_Compare_Mode_Config		CODE           	28AE	0000	308
		_CCP_Interrupt_Config		CODE           	37E8	0000	54

MCAL_Layer/CCP/hal_ccp.c estimated size: 1440

