Microchip MPLAB XC8 Compiler V2.46

Linker command line:

-W-3 \
  --edf=C:\Program Files\Microchip\xc8\v2.46\pic\dat\20240104201356_en.msgs \
  -cn -h+dist/default/debug\ASURT_Collesion_Avoidance_System.debug.sym \
  --cmf=dist/default/debug\ASURT_Collesion_Avoidance_System.debug.cmf -z \
  -Q18F4620 -oC:\Users\Dell\AppData\Local\Temp\xcAs23k.\driver_tmp_3.o \
  --defsym=__MPLAB_BUILD=1 --fixupoverflow=error \
  -Mdist/default/debug/ASURT_Collesion_Avoidance_System.debug.map \
  --md=C:\Users\Dell\AppData\Local\Temp\xcAs23k.\driver_tmp_0.dat -E1 \
  -ver=XC8 Compiler --acfsm=1493 -ACODE=00h-0FFFFh -ACONST=00h-0FFFFh \
  -ASMALLCONST=01000h-010FFhx240 -AMEDIUMCONST=01000h-0FFFFh \
  -ACOMRAM=01h-07Fh -AABS1=00h-0F7Fh -ABIGRAM=01h-0F7Fh \
  -ARAM=080h-0FFh,0100h-01FFhx14,0F00h-0F7Fh -ABANK0=080h-0FFh \
  -ABANK1=0100h-01FFh -ABANK2=0200h-02FFh -ABANK3=0300h-03FFh \
  -ABANK4=0400h-04FFh -ABANK5=0500h-05FFh -ABANK6=0600h-06FFh \
  -ABANK7=0700h-07FFh -ABANK8=0800h-08FFh -ABANK9=0900h-09FFh \
  -ABANK10=0A00h-0AFFh -ABANK11=0B00h-0BFFh -ABANK12=0C00h-0CFFh \
  -ABANK13=0D00h-0DFFh -ABANK14=0E00h-0EFFh -ABANK15=0F00h-0F7Fh \
  -ASFR=0F80h-0FFFh -ABIGSFR=0F80h-0FFFh -ACONFIG=0300000h-030000Dh \
  -AIDLOC=0200000h-0200007h -AEEDATA=0F00000h-0F003FFh -peeprom_data=EEDATA \
  -preset_vec=00h,intcode=8h,intcodelo,powerup,init -pramtop=01000h \
  -psmallconst=SMALLCONST -pmediumconst=MEDIUMCONST -pconst=CONST \
  -AFARRAM=00h-00h \
  -prdata=COMRAM,nvrram=COMRAM,nvbit=COMRAM,rbss=COMRAM,rbit=COMRAM \
  -pfarbss=FARRAM,fardata=FARRAM,nvFARRAM=FARRAM \
  -pintsave_regs=BIGRAM,bigbss=BIGRAM,bigdata=BIGRAM -pbss=RAM \
  -pidata=CODE,irdata=CODE,ibigdata=CODE,ifardata=CODE -prparam=COMRAM \
  C:\Users\Dell\AppData\Local\Temp\xcAs23k.\driver_tmp_9.o \
  dist/default/debug\ASURT_Collesion_Avoidance_System.debug.o 

Object code version is 3.11

Machine type is 18F4620



                Name                               Link     Load   Length Selector   Space Scale
C:\Users\Dell\AppData\Local\Temp\xcAs23k.\driver_tmp_9.o
                config                           300000   300000        E        0       4
                init                                  E        E        4        4       0
                reset_vec                             0        0        4        0       0
dist/default/debug\ASURT_Collesion_Avoidance_System.debug.o
                intcode                               8        8        6        4       0
                config                           300000   300000        E        0       4
                temp                                 7E       7E        1        1       1
                smallconst                         1000     1000        2      800       0
                text41                             35EC     35EC        4      801       0
                text40                             35E8     35E8        4      801       0
                text39                             35E4     35E4        4      801       0
                text38                             35F0     35F0        2      801       0
                text37                             35E0     35E0        4      801       0
                text36                             35DC     35DC        4      801       0
                text35                             35D8     35D8        4      801       0
                text34                             35D4     35D4        4      801       0
                text33                             3590     3590       1A      801       0
                text32                             3576     3576       1A      801       0
                text31                             355C     355C       1A      801       0
                text30                             3542     3542       1A      801       0
                text29                             35C6     35C6        8      801       0
                intcode_body                       2184     2184      346      801       0
                text27                             3428     3428       48      801       0
                text26                             297C     297C      116      801       0
                text25                             2A92     2A92      114      801       0
                text24                             336C     336C       62      801       0
                text23                             3150     3150       74      801       0
                text22                             35AA     35AA       12      801       0
                text21                             329C     329C       6A      801       0
                text20                             2BA6     2BA6      10C      801       0
                text19                             2848     2848      134      801       0
                text18                             34F2     34F2       36      801       0
                text17                             1500     1500      4C0      801       0
                text16                             1DEA     1DEA      39A      801       0
                text15                             19C0     19C0      42A      801       0
                text14                             2CB2     2CB2      106      801       0
                text13                             2694     2694      1B4      801       0
                text12                             24CA     24CA      1CA      801       0
                text11                             2E9E     2E9E       DE      801       0
                text10                             2DB8     2DB8       E6      801       0
                text9                              2F7C     2F7C       C2      801       0
                text8                              1002     1002      4FE      801       0
                text7                              3470     3470       46      801       0
                text6                              303E     303E       90      801       0
                text5                              3528     3528       1A      801       0
                text4                              35BC     35BC        A      801       0
                text3                              30CE     30CE       82      801       0
                text2                              3232     3232       6A      801       0
                text1                              31C4     31C4       6E      801       0
                text0                              33CE     33CE       5A      801       0
                cstackCOMRAM                          1        1       6B        1       1
                dataBANK0                            80       80       3C       80       1
                bssBANK0                             BC       BC       27       80       1
                dataCOMRAM                           78       78        6        1       1
                bssCOMRAM                            6C       6C        C        1       1
                cinit                              3306     3306       66      801       0
                idataBANK0                         34B6     34B6       3C      801       0
                idataCOMRAM                        35CE     35CE        6      801       0

TOTAL           Name                               Link     Load   Length     Space
        CLASS   CODE           
                intcode                               8        8        6         0
                init                                  E        E        4         0
                reset_vec                             0        0        4         0
                text41                             35EC     35EC        4         0
                text40                             35E8     35E8        4         0
                text39                             35E4     35E4        4         0
                text38                             35F0     35F0        2         0
                text37                             35E0     35E0        4         0
                text36                             35DC     35DC        4         0
                text35                             35D8     35D8        4         0
                text34                             35D4     35D4        4         0
                text33                             3590     3590       1A         0
                text32                             3576     3576       1A         0
                text31                             355C     355C       1A         0
                text30                             3542     3542       1A         0
                text29                             35C6     35C6        8         0
                intcode_body                       2184     2184      346         0
                text27                             3428     3428       48         0
                text26                             297C     297C      116         0
                text25                             2A92     2A92      114         0
                text24                             336C     336C       62         0
                text23                             3150     3150       74         0
                text22                             35AA     35AA       12         0
                text21                             329C     329C       6A         0
                text20                             2BA6     2BA6      10C         0
                text19                             2848     2848      134         0
                text18                             34F2     34F2       36         0
                text17                             1500     1500      4C0         0
                text16                             1DEA     1DEA      39A         0
                text15                             19C0     19C0      42A         0
                text14                             2CB2     2CB2      106         0
                text13                             2694     2694      1B4         0
                text12                             24CA     24CA      1CA         0
                text11                             2E9E     2E9E       DE         0
                text10                             2DB8     2DB8       E6         0
                text9                              2F7C     2F7C       C2         0
                text8                              1002     1002      4FE         0
                text7                              3470     3470       46         0
                text6                              303E     303E       90         0
                text5                              3528     3528       1A         0
                text4                              35BC     35BC        A         0
                text3                              30CE     30CE       82         0
                text2                              3232     3232       6A         0
                text1                              31C4     31C4       6E         0
                text0                              33CE     33CE       5A         0
                cinit                              3306     3306       66         0
                idataBANK0                         34B6     34B6       3C         0
                idataCOMRAM                        35CE     35CE        6         0

        CLASS   CONST          

        CLASS   SMALLCONST     
                smallconst                         1000     1000        2         0

        CLASS   MEDIUMCONST    

        CLASS   COMRAM         
                temp                                 7E       7E        1         1
                cstackCOMRAM                          1        1       6B         1
                dataCOMRAM                           78       78        6         1
                bssCOMRAM                            6C       6C        C         1

        CLASS   ABS1           

        CLASS   BIGRAM         

        CLASS   RAM            

        CLASS   BANK0          
                dataBANK0                            80       80       3C         1
                bssBANK0                             BC       BC       27         1

        CLASS   BANK1          

        CLASS   BANK2          

        CLASS   BANK3          

        CLASS   BANK4          

        CLASS   BANK5          

        CLASS   BANK6          

        CLASS   BANK7          

        CLASS   BANK8          

        CLASS   BANK9          

        CLASS   BANK10         

        CLASS   BANK11         

        CLASS   BANK12         

        CLASS   BANK13         

        CLASS   BANK14         

        CLASS   BANK15         

        CLASS   SFR            

        CLASS   BIGSFR         

        CLASS   CONFIG         
                config                           300000   300000        E         4

        CLASS   IDLOC          

        CLASS   EEDATA         

        CLASS   FARRAM         

        CLASS   HEAP           

        CLASS   STACK          



SEGMENTS        Name                           Load    Length   Top    Selector   Space  Class

                reset_vec                      000000  000004  000004         0       0  CODE    
                cstackCOMRAM                   000001  00007E  00007F         1       1  COMRAM  
                intcode                        000008  00000A  000012         4       0  CODE    
                dataBANK0                      000080  000063  0000E3        80       1  BANK0   
                smallconst                     001000  000002  001002       800       0  SMALLCON
                text8                          001002  0025F0  0035F2       801       0  CODE    


UNUSED ADDRESS RANGES

        Name                Unused          Largest block    Delta
        BANK0            0000E3-0000FF               1D
        BANK1            000100-0001FF              100
        BANK10           000A00-000AFF              100
        BANK11           000B00-000BFF              100
        BANK12           000C00-000CFF              100
        BANK13           000D00-000DFF              100
        BANK14           000E00-000EFF              100
        BANK15           000F00-000F7F               80
        BANK2            000200-0002FF              100
        BANK3            000300-0003FF              100
        BANK4            000400-0004FF              100
        BANK5            000500-0005FF              100
        BANK6            000600-0006FF              100
        BANK7            000700-0007FF              100
        BANK8            000800-0008FF              100
        BANK9            000900-0009FF              100
        BIGRAM           00007F-00007F                1
                         0000E3-000F7F              E9D
        BIGSFR           000F80-000FFF               80
        CODE             000004-000007                4
                         000012-000FFF              FEE
                         0035F2-00FFFF             CA0E
        COMRAM           00007F-00007F                1
        CONST            000004-000007                4
                         000012-000FFF              FEE
                         0035F2-00FFFF             CA0E
        EEDATA           F00000-F003FF              400
        IDLOC            200000-200007                8
        MEDIUMCONST      0035F2-00FFFF             CA0E
        RAM              0000E3-000F7F              100
        SFR              000F80-000FFF               80
        SMALLCONST       0035F2-00FFFF              100

                                  Symbol Table

?___fladd                                   cstackCOMRAM 000042
?___fldiv                                   cstackCOMRAM 000029
?___flmul                                   cstackCOMRAM 000010
?___fltol                                   cstackCOMRAM 000052
?___xxtofl                                  cstackCOMRAM 000002
CCP_Capture_Mode_Config@_ccp_obj            cstackCOMRAM 000004
CCP_Capture_Mode_Config@ret                 cstackCOMRAM 000006
CCP_Compare_Mode_Config@_ccp_obj            cstackCOMRAM 000004
CCP_Compare_Mode_Config@ret                 cstackCOMRAM 000006
CCP_Compare_Mode_Set_Value@F3136            bssBANK0     0000DC
CCP_Init@_ccp_obj                           cstackCOMRAM 000067
CCP_Init@retVal                             cstackCOMRAM 000069
CCP_Interrupt_Config@_ccp_obj               cstackCOMRAM 000002
CCP_Mode_Timer_Select@_ccp_obj              cstackCOMRAM 000002
CCP_PWM_Mode_Config@_ccp_obj                cstackCOMRAM 00005C
EUSART_ASYNC_Init@_eusart_obj               cstackCOMRAM 000068
EUSART_ASYNC_Init@retVal                    cstackCOMRAM 000069
EUSART_ASYNC_RX_Init@_eusart_obj            cstackCOMRAM 000002
EUSART_ASYNC_RX_Init@retVal                 cstackCOMRAM 000003
EUSART_ASYNC_Read_Byte_Blocking@_data       cstackCOMRAM 000003
EUSART_ASYNC_Read_Byte_Blocking@_eusart_obj cstackCOMRAM 000002
EUSART_ASYNC_Read_Byte_Blocking@retVal      cstackCOMRAM 000004
EUSART_ASYNC_TX_Init@_eusart_obj            cstackCOMRAM 000002
EUSART_ASYNC_TX_Init@retVal                 cstackCOMRAM 000003
EUSART_Baud_Rate_Calculation@_eusart_obj    cstackCOMRAM 00005C
EUSART_Baud_Rate_Calculation@baud_rate_temp cstackCOMRAM 000060
EUSART_Baud_Rate_Calculation@retVal         cstackCOMRAM 00005F
RB4_ISR@RB4_Source                          cstackCOMRAM 000001
RB5_ISR@RB5_Source                          cstackCOMRAM 000001
RB6_ISR@RB6_Source                          cstackCOMRAM 000001
RB7_ISR@RB7_Source                          cstackCOMRAM 000001
Timer2_Init@retVal                          cstackCOMRAM 000004
Timer2_Init@timer2                          cstackCOMRAM 000002
_ADCON0bits                                 (abs)        000FC2
_ADCON1bits                                 (abs)        000FC1
_ADCON2bits                                 (abs)        000FC0
_ADC_ISR                                    text41       0035EC
_ADC_InterruptHandler                       bssCOMRAM    000070
_ADRESH                                     (abs)        000FC4
_ADRESL                                     (abs)        000FC3
_BAUDCONbits                                (abs)        000FB8
_CCP1CONbits                                (abs)        000FBD
_CCP1_ISR                                   text40       0035E8
_CCP1_InterruptHandler                      bssCOMRAM    00006E
_CCP2CONbits                                (abs)        000FBA
_CCP2_ISR                                   text39       0035E4
_CCP2_InterruptHandler                      bssCOMRAM    00006C
_CCPR1H                                     (abs)        000FBF
_CCPR1L                                     (abs)        000FBE
_CCPR2H                                     (abs)        000FBC
_CCPR2L                                     (abs)        000FBB
_CCP_Capture_Mode_Config                    text20       002BA6
_CCP_Compare_Mode_Config                    text19       002848
_CCP_Init                                   text11       002E9E
_CCP_Interrupt_Config                       text18       0034F2
_CCP_Mode_Timer_Select                      text21       00329C
_CCP_PWM_Mode_Config                        text12       0024CA
_CCP_PWM_Mode_Config$3538                   cstackCOMRAM 00005F
_CCP_PWM_Mode_Config$3539                   cstackCOMRAM 000063
_EUSART_ASYNC_Init                          text7        003470
_EUSART_ASYNC_RX_Init                       text10       002DB8
_EUSART_ASYNC_Read_Byte_Blocking            text27       003428
_EUSART_ASYNC_TX_Init                       text9        002F7C
_EUSART_Baud_Rate_Calculation               text8        001002
_EUSART_Baud_Rate_Calculation$3533          cstackCOMRAM 000064
_EUSART_FramingErrorHandler                 bssBANK0     0000D6
_EUSART_OverrunErrorHandler                 bssBANK0     0000D4
_EUSART_RxInterruptHandler                  bssBANK0     0000D8
_EUSART_Rx_ISR                              text38       0035F0
_EUSART_TxInterruptHandler                  bssBANK0     0000DA
_EUSART_Tx_ISR                              text37       0035E0
_INT0_ISR                                   text36       0035DC
_INT0_InterruptHandler                      bssBANK0     0000D2
_INT1_ISR                                   text35       0035D8
_INT1_InterruptHandler                      bssBANK0     0000D0
_INT2_ISR                                   text34       0035D4
_INT2_InterruptHandler                      bssBANK0     0000CE
_INTCON2bits                                (abs)        000FF1
_INTCON3bits                                (abs)        000FF0
_INTCONbits                                 (abs)        000FF2
_InterruptManagerHigh                       intcode      000008
_LATA                                       (abs)        000F89
_LATB                                       (abs)        000F8A
_LATC                                       (abs)        000F8B
_LATD                                       (abs)        000F8C
_LATE                                       (abs)        000F8D
_PIE1bits                                   (abs)        000F9D
_PIE2bits                                   (abs)        000FA0
_PIR1bits                                   (abs)        000F9E
_PIR2bits                                   (abs)        000FA1
_PORTA                                      (abs)        000F80
_PORTB                                      (abs)        000F81
_PORTBbits                                  (abs)        000F81
_PORTC                                      (abs)        000F82
_PORTD                                      (abs)        000F83
_PORTE                                      (abs)        000F84
_PR2                                        (abs)        000FCB
_RB4_ISR                                    text33       003590
_RB4_InterruptHandler_HIGH                  bssBANK0     0000CC
_RB4_InterruptHandler_LOW                   bssBANK0     0000CA
_RB4_flag                                   dataCOMRAM   00007B
_RB5_ISR                                    text32       003576
_RB5_InterruptHandler_HIGH                  bssBANK0     0000C8
_RB5_InterruptHandler_LOW                   bssBANK0     0000C6
_RB5_flag                                   dataCOMRAM   00007A
_RB6_ISR                                    text31       00355C
_RB6_InterruptHandler_HIGH                  bssBANK0     0000C4
_RB6_InterruptHandler_LOW                   bssBANK0     0000C2
_RB6_flag                                   dataCOMRAM   000079
_RB7_ISR                                    text30       003542
_RB7_InterruptHandler_HIGH                  bssBANK0     0000C0
_RB7_InterruptHandler_LOW                   bssBANK0     0000BE
_RB7_flag                                   dataCOMRAM   000078
_RCREG                                      (abs)        000FAE
_RCSTAbits                                  (abs)        000FAB
_SPBRG                                      (abs)        000FAF
_SPBRGH                                     (abs)        000FB0
_T2CONbits                                  (abs)        000FCA
_T3CONbits                                  (abs)        000FB1
_TMR2                                       (abs)        000FCC
_TMR2_ISR                                   text29       0035C6
_TMR2_InterruptHandler                      bssBANK0     0000BC
_TRISA                                      (abs)        000F92
_TRISB                                      (abs)        000F93
_TRISC                                      (abs)        000F94
_TRISCbits                                  (abs)        000F94
_TRISD                                      (abs)        000F95
_TRISE                                      (abs)        000F96
_TXREG                                      (abs)        000FAD
_TXSTAbits                                  (abs)        000FAC
_Timer2_Init                                text6        00303E
__HRAM                                      (abs)        000000
__H__absolute__                             __absolute__ 000000
__Habs1                                     abs1         000000
__Hbank0                                    bank0        000000
__Hbank1                                    bank1        000000
__Hbank10                                   bank10       000000
__Hbank11                                   bank11       000000
__Hbank12                                   bank12       000000
__Hbank13                                   bank13       000000
__Hbank14                                   bank14       000000
__Hbank15                                   bank15       000000
__Hbank2                                    bank2        000000
__Hbank3                                    bank3        000000
__Hbank4                                    bank4        000000
__Hbank5                                    bank5        000000
__Hbank6                                    bank6        000000
__Hbank7                                    bank7        000000
__Hbank8                                    bank8        000000
__Hbank9                                    bank9        000000
__Hbigbss                                   bigbss       000000
__Hbigdata                                  bigdata      000000
__Hbigram                                   bigram       000000
__Hbigsfr                                   bigsfr       000000
__Hbss                                      bss          000000
__HbssBANK0                                 bssBANK0     000000
__HbssCOMRAM                                bssCOMRAM    000000
__Hcinit                                    cinit        000000
__Hclrtext                                  clrtext      000000
__Hcomram                                   comram       000000
__Hconfig                                   config       30000E
__Hconst                                    const        000000
__HcstackCOMRAM                             cstackCOMRAM 000000
__Hdata                                     data         000000
__HdataBANK0                                dataBANK0    000000
__HdataCOMRAM                               dataCOMRAM   000000
__Heeprom_data                              eeprom_data  000000
__Hfarbss                                   farbss       000000
__Hfardata                                  fardata      000000
__Hheap                                     heap         000000
__Hibigdata                                 ibigdata     000000
__Hidata                                    idata        000000
__HidataBANK0                               idataBANK0   000000
__HidataCOMRAM                              idataCOMRAM  000000
__Hidloc                                    idloc        000000
__Hifardata                                 ifardata     000000
__Hinit                                     init         000012
__Hintcode                                  intcode      00000E
__Hintcode_body                             intcode_body 000000
__Hintcodelo                                intcodelo    00000E
__Hintentry                                 intentry     000000
__Hintret                                   intret       000000
__Hintsave_regs                             intsave_regs 000000
__Hirdata                                   irdata       000000
__Hmediumconst                              mediumconst  000000
__HnvFARRAM                                 nvFARRAM     000000
__Hnvbit                                    nvbit        000000
__Hnvrram                                   nvrram       000000
__Hparam                                    rparam       000000
__Hpowerup                                  powerup      00000E
__Hram                                      ram          000000
__Hramtop                                   ramtop       001000
__Hrbit                                     rbit         000000
__Hrbss                                     rbss         000000
__Hrdata                                    rdata        000000
__Hreset_vec                                reset_vec    000004
__Hrparam                                   rparam       000000
__Hsfr                                      sfr          000000
__Hsivt_hi                                  sivt_hi      000000
__Hsivt_lo                                  sivt_lo      000000
__Hsmallconst                               smallconst   001002
__Hspace_0                                  (abs)        0035F2
__Hspace_1                                  (abs)        0000E3
__Hspace_2                                  (abs)        000000
__Hspace_4                                  (abs)        60000E
__Hstack                                    stack        000000
__Hstruct                                   struct       000000
__Htemp                                     temp         00007F
__Htext                                     text         000000
__Htext0                                    text0        000000
__Htext1                                    text1        000000
__Htext10                                   text10       000000
__Htext11                                   text11       000000
__Htext12                                   text12       000000
__Htext13                                   text13       000000
__Htext14                                   text14       000000
__Htext15                                   text15       000000
__Htext16                                   text16       000000
__Htext17                                   text17       000000
__Htext18                                   text18       000000
__Htext19                                   text19       000000
__Htext2                                    text2        000000
__Htext20                                   text20       000000
__Htext21                                   text21       000000
__Htext22                                   text22       000000
__Htext23                                   text23       000000
__Htext24                                   text24       000000
__Htext25                                   text25       000000
__Htext26                                   text26       000000
__Htext27                                   text27       000000
__Htext29                                   text29       000000
__Htext3                                    text3        000000
__Htext30                                   text30       000000
__Htext31                                   text31       000000
__Htext32                                   text32       000000
__Htext33                                   text33       000000
__Htext34                                   text34       000000
__Htext35                                   text35       000000
__Htext36                                   text36       000000
__Htext37                                   text37       000000
__Htext38                                   text38       000000
__Htext39                                   text39       000000
__Htext4                                    text4        000000
__Htext40                                   text40       000000
__Htext41                                   text41       000000
__Htext5                                    text5        000000
__Htext6                                    text6        000000
__Htext7                                    text7        000000
__Htext8                                    text8        000000
__Htext9                                    text9        000000
__LRAM                                      (abs)        000001
__L__absolute__                             __absolute__ 000000
__Labs1                                     abs1         000000
__Lbank0                                    bank0        000000
__Lbank1                                    bank1        000000
__Lbank10                                   bank10       000000
__Lbank11                                   bank11       000000
__Lbank12                                   bank12       000000
__Lbank13                                   bank13       000000
__Lbank14                                   bank14       000000
__Lbank15                                   bank15       000000
__Lbank2                                    bank2        000000
__Lbank3                                    bank3        000000
__Lbank4                                    bank4        000000
__Lbank5                                    bank5        000000
__Lbank6                                    bank6        000000
__Lbank7                                    bank7        000000
__Lbank8                                    bank8        000000
__Lbank9                                    bank9        000000
__Lbigbss                                   bigbss       000000
__Lbigdata                                  bigdata      000000
__Lbigram                                   bigram       000000
__Lbigsfr                                   bigsfr       000000
__Lbss                                      bss          000000
__LbssBANK0                                 bssBANK0     000000
__LbssCOMRAM                                bssCOMRAM    000000
__Lcinit                                    cinit        000000
__Lclrtext                                  clrtext      000000
__Lcomram                                   comram       000000
__Lconfig                                   config       000000
__Lconst                                    const        000000
__LcstackCOMRAM                             cstackCOMRAM 000000
__Ldata                                     data         000000
__LdataBANK0                                dataBANK0    000000
__LdataCOMRAM                               dataCOMRAM   000000
__Leeprom_data                              eeprom_data  000000
__Lfarbss                                   farbss       000000
__Lfardata                                  fardata      000000
__Lheap                                     heap         000000
__Libigdata                                 ibigdata     000000
__Lidata                                    idata        000000
__LidataBANK0                               idataBANK0   000000
__LidataCOMRAM                              idataCOMRAM  000000
__Lidloc                                    idloc        000000
__Lifardata                                 ifardata     000000
__Linit                                     init         00000E
__Lintcode                                  intcode      000008
__Lintcode_body                             intcode_body 000000
__Lintcodelo                                intcodelo    00000E
__Lintentry                                 intentry     000000
__Lintret                                   intret       000000
__Lintsave_regs                             intsave_regs 000000
__Lirdata                                   irdata       000000
__Lmediumconst                              mediumconst  000000
__LnvFARRAM                                 nvFARRAM     000000
__Lnvbit                                    nvbit        000000
__Lnvrram                                   nvrram       000000
__Lparam                                    rparam       000000
__Lpowerup                                  powerup      00000E
__Lram                                      ram          000000
__Lramtop                                   ramtop       001000
__Lrbit                                     rbit         000000
__Lrbss                                     rbss         000000
__Lrdata                                    rdata        000000
__Lreset_vec                                reset_vec    000000
__Lrparam                                   rparam       000000
__Lsfr                                      sfr          000000
__Lsivt_hi                                  sivt_hi      000000
__Lsivt_lo                                  sivt_lo      000000
__Lsmallconst                               smallconst   001000
__Lspace_0                                  (abs)        000000
__Lspace_1                                  (abs)        000000
__Lspace_2                                  (abs)        000000
__Lspace_4                                  (abs)        000000
__Lstack                                    stack        000000
__Lstruct                                   struct       000000
__Ltemp                                     temp         00007E
__Ltext                                     text         000000
__Ltext0                                    text0        000000
__Ltext1                                    text1        000000
__Ltext10                                   text10       000000
__Ltext11                                   text11       000000
__Ltext12                                   text12       000000
__Ltext13                                   text13       000000
__Ltext14                                   text14       000000
__Ltext15                                   text15       000000
__Ltext16                                   text16       000000
__Ltext17                                   text17       000000
__Ltext18                                   text18       000000
__Ltext19                                   text19       000000
__Ltext2                                    text2        000000
__Ltext20                                   text20       000000
__Ltext21                                   text21       000000
__Ltext22                                   text22       000000
__Ltext23                                   text23       000000
__Ltext24                                   text24       000000
__Ltext25                                   text25       000000
__Ltext26                                   text26       000000
__Ltext27                                   text27       000000
__Ltext29                                   text29       000000
__Ltext3                                    text3        000000
__Ltext30                                   text30       000000
__Ltext31                                   text31       000000
__Ltext32                                   text32       000000
__Ltext33                                   text33       000000
__Ltext34                                   text34       000000
__Ltext35                                   text35       000000
__Ltext36                                   text36       000000
__Ltext37                                   text37       000000
__Ltext38                                   text38       000000
__Ltext39                                   text39       000000
__Ltext4                                    text4        000000
__Ltext40                                   text40       000000
__Ltext41                                   text41       000000
__Ltext5                                    text5        000000
__Ltext6                                    text6        000000
__Ltext7                                    text7        000000
__Ltext8                                    text8        000000
__Ltext9                                    text9        000000
__S0                                        (abs)        0035F2
__S1                                        (abs)        0000E3
__S4                                        (abs)        000000
__S5                                        (abs)        000000
___fladd                                    text17       001500
___fladd@a                                  cstackCOMRAM 000046
___fladd@aexp                               cstackCOMRAM 00004F
___fladd@b                                  cstackCOMRAM 000042
___fladd@bexp                               cstackCOMRAM 000050
___fladd@grs                                cstackCOMRAM 000051
___fladd@signs                              cstackCOMRAM 00004E
___fldiv                                    text16       001DEA
___fldiv@a                                  cstackCOMRAM 00002D
___fldiv@aexp                               cstackCOMRAM 000041
___fldiv@b                                  cstackCOMRAM 000029
___fldiv@bexp                               cstackCOMRAM 000040
___fldiv@grs                                cstackCOMRAM 00003C
___fldiv@new_exp                            cstackCOMRAM 00003A
___fldiv@rem                                cstackCOMRAM 000035
___fldiv@sign                               cstackCOMRAM 000039
___flmul                                    text15       0019C0
___flmul@a                                  cstackCOMRAM 000014
___flmul@aexp                               cstackCOMRAM 000021
___flmul@b                                  cstackCOMRAM 000010
___flmul@bexp                               cstackCOMRAM 000022
___flmul@grs                                cstackCOMRAM 00001D
___flmul@prod                               cstackCOMRAM 000023
___flmul@sign                               cstackCOMRAM 00001C
___flmul@temp                               cstackCOMRAM 000027
___fltol                                    text14       002CB2
___fltol@exp1                               cstackCOMRAM 00005B
___fltol@f1                                 cstackCOMRAM 000052
___fltol@sign1                              cstackCOMRAM 00005A
___heap_hi                                  (abs)        000000
___heap_lo                                  (abs)        000000
___inthi_sp                                 stack        000000
___inthi_stack_hi                           stack        000000
___inthi_stack_lo                           stack        000000
___intlo_sp                                 stack        000000
___intlo_stack_hi                           stack        000000
___intlo_stack_lo                           stack        000000
___param_bank                               (abs)        000000
___rparam_used                              (abs)        000001
___sp                                       stack        000000
___stack_hi                                 stack        000000
___stack_lo                                 stack        000000
___xxtofl                                   text13       002694
___xxtofl@arg                               cstackCOMRAM 00000C
___xxtofl@exp                               cstackCOMRAM 00000B
___xxtofl@sign                              cstackCOMRAM 00000A
___xxtofl@val                               cstackCOMRAM 000002
__accesstop                                 (abs)        000080
__activetblptr                              (abs)        000002
__end_of_ADC_ISR                            text41       0035F0
__end_of_CCP1_ISR                           text40       0035EC
__end_of_CCP2_ISR                           text39       0035E8
__end_of_CCP_Capture_Mode_Config            text20       002CB2
__end_of_CCP_Compare_Mode_Config            text19       00297C
__end_of_CCP_Init                           text11       002F7C
__end_of_CCP_Interrupt_Config               text18       003528
__end_of_CCP_Mode_Timer_Select              text21       003306
__end_of_CCP_PWM_Mode_Config                text12       002694
__end_of_EUSART_ASYNC_Init                  text7        0034B6
__end_of_EUSART_ASYNC_RX_Init               text10       002E9E
__end_of_EUSART_ASYNC_Read_Byte_Blocking    text27       003470
__end_of_EUSART_ASYNC_TX_Init               text9        00303E
__end_of_EUSART_Baud_Rate_Calculation       text8        001500
__end_of_EUSART_Rx_ISR                      text38       0035F2
__end_of_EUSART_Tx_ISR                      text37       0035E4
__end_of_INT0_ISR                           text36       0035E0
__end_of_INT1_ISR                           text35       0035DC
__end_of_INT2_ISR                           text34       0035D8
__end_of_InterruptManagerHigh               intcode_body 0024CA
__end_of_RB4_ISR                            text33       0035AA
__end_of_RB5_ISR                            text32       003590
__end_of_RB6_ISR                            text31       003576
__end_of_RB7_ISR                            text30       00355C
__end_of_TMR2_ISR                           text29       0035CE
__end_of_Timer2_Init                        text6        0030CE
__end_of___fladd                            text17       0019C0
__end_of___fldiv                            text16       002184
__end_of___flmul                            text15       001DEA
__end_of___fltol                            text14       002DB8
__end_of___xxtofl                           text13       002848
__end_of__initialization                    cinit        00335E
__end_of_application_initialize             text4        0035C6
__end_of_ecu_layer_initialize               text22       0035BC
__end_of_gpio_pin_direction_initialize      text26       002A92
__end_of_gpio_pin_initialize                text24       0033CE
__end_of_gpio_pin_toggle_logic              text3        003150
__end_of_gpio_pin_write_logic               text25       002BA6
__end_of_led_initialize                     text23       0031C4
__end_of_led_toggle                         text2        00329C
__end_of_led_turn_off                       text1        003232
__end_of_main                               text0        003428
__end_of_mcal_layer_initialize              text5        003542
__initialization                            cinit        003306
__mediumconst                               mediumconst  000000
__pbssBANK0                                 bssBANK0     0000BC
__pbssCOMRAM                                bssCOMRAM    00006C
__pcinit                                    cinit        003306
__pcstackCOMRAM                             cstackCOMRAM 000001
__pdataBANK0                                dataBANK0    000080
__pdataCOMRAM                               dataCOMRAM   000078
__pidataBANK0                               idataBANK0   0034B6
__pidataCOMRAM                              idataCOMRAM  0035CE
__pintcode                                  intcode      000008
__pintcode_body                             intcode_body 002184
__psmallconst                               smallconst   001000
__ptext0                                    text0        0033CE
__ptext1                                    text1        0031C4
__ptext10                                   text10       002DB8
__ptext11                                   text11       002E9E
__ptext12                                   text12       0024CA
__ptext13                                   text13       002694
__ptext14                                   text14       002CB2
__ptext15                                   text15       0019C0
__ptext16                                   text16       001DEA
__ptext17                                   text17       001500
__ptext18                                   text18       0034F2
__ptext19                                   text19       002848
__ptext2                                    text2        003232
__ptext20                                   text20       002BA6
__ptext21                                   text21       00329C
__ptext22                                   text22       0035AA
__ptext23                                   text23       003150
__ptext24                                   text24       00336C
__ptext25                                   text25       002A92
__ptext26                                   text26       00297C
__ptext27                                   text27       003428
__ptext29                                   text29       0035C6
__ptext3                                    text3        0030CE
__ptext30                                   text30       003542
__ptext31                                   text31       00355C
__ptext32                                   text32       003576
__ptext33                                   text33       003590
__ptext34                                   text34       0035D4
__ptext35                                   text35       0035D8
__ptext36                                   text36       0035DC
__ptext37                                   text37       0035E0
__ptext38                                   text38       0035F0
__ptext39                                   text39       0035E4
__ptext4                                    text4        0035BC
__ptext40                                   text40       0035E8
__ptext41                                   text41       0035EC
__ptext5                                    text5        003528
__ptext6                                    text6        00303E
__ptext7                                    text7        003470
__ptext8                                    text8        001002
__ptext9                                    text9        002F7C
__ramtop                                    ramtop       001000
__smallconst                                smallconst   001000
_application_initialize                     text4        0035BC
_buzzer                                     dataCOMRAM   00007C
_ccp1_pwm                                   dataBANK0    0000AE
_ecu_layer_initialize                       text22       0035AA
_eusart_1                                   dataBANK0    00009E
_gpio_pin_direction_initialize              text26       00297C
_gpio_pin_initialize                        text24       00336C
_gpio_pin_toggle_logic                      text3        0030CE
_gpio_pin_write_logic                       text25       002A92
_lat_registers                              dataBANK0    00008A
_led_1                                      dataCOMRAM   00007D
_led_initialize                             text23       003150
_led_toggle                                 text2        003232
_led_turn_off                               text1        0031C4
_main                                       text0        0033CE
_mcal_layer_initialize                      text5        003528
_port_registers                             dataBANK0    000080
_received_data                              bssCOMRAM    000077
_timer                                      bssBANK0     0000DE
_timer2_preload                             bssCOMRAM    000072
_tris_registers                             dataBANK0    000094
btemp                                       temp         00007E
end_of_initialization                       cinit        00335E
gpio_pin_direction_initialize@config        cstackCOMRAM 000002
gpio_pin_direction_initialize@retVal        cstackCOMRAM 000008
gpio_pin_initialize@config                  cstackCOMRAM 00000A
gpio_pin_initialize@retVal                  cstackCOMRAM 00000C
gpio_pin_toggle_logic@config                cstackCOMRAM 000002
gpio_pin_write_logic@config                 cstackCOMRAM 000002
gpio_pin_write_logic@logic_status           cstackCOMRAM 000003
gpio_pin_write_logic@retVal                 cstackCOMRAM 000009
int$flags                                   temp         00007E
int_func                                    intcode_body 002184
intlevel0                                   text         000000
intlevel1                                   text         000000
intlevel2                                   text         000000
intlevel3                                   text         000000
isa$std                                     (abs)        000001
isa$xinst                                   (abs)        000000
led_initialize@F3067                        bssCOMRAM    000076
led_initialize@led                          cstackCOMRAM 00000D
led_initialize@pin_obj                      cstackCOMRAM 000010
led_initialize@retVal                       cstackCOMRAM 00000F
led_toggle@F3082                            bssCOMRAM    000073
led_toggle@led                              cstackCOMRAM 000007
led_toggle@pin_obj                          cstackCOMRAM 000009
led_turn_off@F3077                          bssCOMRAM    000074
led_turn_off@led                            cstackCOMRAM 00000A
led_turn_off@pin_obj                        cstackCOMRAM 00000C
led_turn_on@F3072                           bssCOMRAM    000075
stackhi                                     (abs)        000000
stacklo                                     (abs)        000000
start                                       init         00000E
start_initialization                        cinit        003306
ttemp5                                      temp         00007F
ttemp6                                      temp         000082
ttemp7                                      temp         000086
wtemp8                                      temp         00007F


MODULE INFORMATION

Module		Function		Class		Link	Load	Size
C:\Program Files\Microchip\xc8\v2.46\pic\sources\c99\common\fltol.c
		___fltol       		CODE           	2CB2	0000	262

C:\Program Files\Microchip\xc8\v2.46\pic\sources\c99\common\fltol.c estimated size: 262

C:\Program Files\Microchip\xc8\v2.46\pic\sources\c99\common\xxtofl.c
		___xxtofl      		CODE           	2694	0000	436

C:\Program Files\Microchip\xc8\v2.46\pic\sources\c99\common\xxtofl.c estimated size: 436

MCAL_Layer/EUSART/hal_eusart.c
		_EUSART_ASYNC_Read_Byte_Blocking		CODE           	3428	0000	72
		_EUSART_Rx_ISR 		CODE           	35F0	0000	2
		_EUSART_Tx_ISR 		CODE           	35E0	0000	4
		_EUSART_ASYNC_Init		CODE           	3470	0000	70
		_EUSART_ASYNC_RX_Init		CODE           	2DB8	0000	230
		_EUSART_ASYNC_TX_Init		CODE           	2F7C	0000	194
		_EUSART_Baud_Rate_Calculation		CODE           	1002	0000	1278

MCAL_Layer/EUSART/hal_eusart.c estimated size: 1850

C:\Program Files\Microchip\xc8\v2.46\pic\sources\c99\common\sprcmul.c
		___flmul       		CODE           	19C0	0000	1066

C:\Program Files\Microchip\xc8\v2.46\pic\sources\c99\common\sprcmul.c estimated size: 1066

C:\Program Files\Microchip\xc8\v2.46\pic\sources\c99\common\sprcdiv.c
		___fldiv       		CODE           	1DEA	0000	922

C:\Program Files\Microchip\xc8\v2.46\pic\sources\c99\common\sprcdiv.c estimated size: 922

shared
		__initialization		CODE           	3306	0000	88

shared estimated size: 88

MCAL_Layer/Interrupt/mcal_external_interrupt.c
		_RB4_ISR       		CODE           	3590	0000	26
		_RB5_ISR       		CODE           	3576	0000	26
		_RB6_ISR       		CODE           	355C	0000	26
		_RB7_ISR       		CODE           	3542	0000	26
		_INT0_ISR      		CODE           	35DC	0000	4
		_INT1_ISR      		CODE           	35D8	0000	4
		_INT2_ISR      		CODE           	35D4	0000	4

MCAL_Layer/Interrupt/mcal_external_interrupt.c estimated size: 116

MCAL_Layer/ADC/hal_adc.c
		_ADC_ISR       		CODE           	35EC	0000	4

MCAL_Layer/ADC/hal_adc.c estimated size: 4

MCAL_Layer/mcal_layer_initialize.c
		_mcal_layer_initialize		CODE           	3528	0000	26

MCAL_Layer/mcal_layer_initialize.c estimated size: 26

MCAL_Layer/Interrupt/mcal_interrupt_manager.c
		_InterruptManagerHigh		CODE           	0008	0000	844

MCAL_Layer/Interrupt/mcal_interrupt_manager.c estimated size: 844

MCAL_Layer/GPIO/hal_gpio.c
		_gpio_pin_write_logic		CODE           	2A92	0000	276
		_gpio_pin_direction_initialize		CODE           	297C	0000	278
		_gpio_pin_toggle_logic		CODE           	30CE	0000	130
		_gpio_pin_initialize		CODE           	336C	0000	98

MCAL_Layer/GPIO/hal_gpio.c estimated size: 782

ECU_Layer/LED/ecu_led.c
		_led_initialize		CODE           	3150	0000	116
		_led_turn_off  		CODE           	31C4	0000	110
		_led_toggle    		CODE           	3232	0000	106

ECU_Layer/LED/ecu_led.c estimated size: 332

C:\Program Files\Microchip\xc8\v2.46\pic\sources\c99\common\sprcadd.c
		___fladd       		CODE           	1500	0000	1216

C:\Program Files\Microchip\xc8\v2.46\pic\sources\c99\common\sprcadd.c estimated size: 1216

ECU_Layer/ecu_layer_initialize.c
		_ecu_layer_initialize		CODE           	35AA	0000	18

ECU_Layer/ecu_layer_initialize.c estimated size: 18

application.c
		_application_initialize		CODE           	35BC	0000	10
		_main          		CODE           	33CE	0000	90

application.c estimated size: 100

MCAL_Layer/Timer2/hal_timer2.c
		_TMR2_ISR      		CODE           	35C6	0000	8
		_Timer2_Init   		CODE           	303E	0000	144

MCAL_Layer/Timer2/hal_timer2.c estimated size: 152

MCAL_Layer/CCP/hal_ccp.c
		_CCP_Capture_Mode_Config		CODE           	2BA6	0000	268
		_CCP_Mode_Timer_Select		CODE           	329C	0000	106
		_CCP_PWM_Mode_Config		CODE           	24CA	0000	458
		_CCP1_ISR      		CODE           	35E8	0000	4
		_CCP_Init      		CODE           	2E9E	0000	222
		_CCP2_ISR      		CODE           	35E4	0000	4
		_CCP_Compare_Mode_Config		CODE           	2848	0000	308
		_CCP_Interrupt_Config		CODE           	34F2	0000	54

MCAL_Layer/CCP/hal_ccp.c estimated size: 1424

